******************************************************************************
               TMS320C6x Linker PC v6.1.15                     
******************************************************************************
>> Linked Tue Mar 05 11:45:07 2013

OUTPUT FILE NAME:   <RTDSP.out>
ENTRY POINT SYMBOL: "_c_int00"  address: 00010660


MEMORY CONFIGURATION

         name            origin    length      used     unused   attr    fill
----------------------  --------  ---------  --------  --------  ----  --------
  IRAM                  00000000   00040000  00011f07  0002e0f9  RWIX
  SDRAM                 80000000   00800000  00000000  00800000  RWIX


SECTION ALLOCATION MAP

 output                                  attributes/
section   page    origin      length       input sections
--------  ----  ----------  ----------   ----------------
.vers      0    00000000    00000040     COPY SECTION
                  00000000    00000040     dsp_bios_cfg.obj (.vers)

.prd       0    00000000    00000000     UNINITIALIZED

.hwi_vec   0    00000000    00000200     
                  00000000    00000200     dsp_bios_cfg.obj (.hwi_vec)

.data      0    00000000    00000000     UNINITIALIZED

.IRAM$heap 
*          0    00000200    00008000     UNINITIALIZED
                  00000200    00008000     --HOLE--

.bios      0    00008200    000041c0     
                  00008200    00000600     lnkrtdx.a67 : rtdx.o67 (.bios)
                  00008800    000005e0     bios.a67 : gbl_setL2CacheMode.o67 (.bios)
                  00008de0    00000540              : swi.o67 (.bios)
                  00009320    00000460              : hwi_disp_asm.o67 (.bios)
                  00009780    000003a0              : prd.o67 (.bios)
                  00009b20    000002c0              : knl_run.o67 (.bios)
                  00009de0    000002c0              : rta.o67 (.bios)
                  0000a0a0    000002c0              : sem_pend.o67 (.bios)
                  0000a360    00000260              : knl_tick.o67 (.bios)
                  0000a5c0    00000240              : pip.o67 (.bios)
                  0000a800    00000220              : sem_dopo.o67 (.bios)
                  0000aa20    00000200              : tsk_setu.o67 (.bios)
                  0000ac20    000001c0              : knl_swit.o67 (.bios)
                  0000ade0    000001c0     biosC6000.a67 : clk.o67 (.bios)
                  0000afa0    000001a0     bios.a67 : tsk_exit.o67 (.bios)
                  0000b140    00000180              : autoinit.o67 (.bios)
                  0000b2c0    00000180              : tsk_stup.o67 (.bios)
                  0000b440    00000140              : knl_chec.o67 (.bios)
                  0000b580    000000e0              : gbl_cslcacheinit.o67 (.bios)
                  0000b660    000000e0              : knl_exit.o67 (.bios)
                  0000b740    000000e0              : sem_post.o67 (.bios)
                  0000b820    000000e0              : sem_post_asm.o67 (.bios)
                  0000b900    000000e0     biosC6000.a67 : clk_meas.o67 (.bios)
                  0000b9e0    000000c0     bios.a67 : knl_ipos.o67 (.bios)
                  0000baa0    000000c0              : knl_post.o67 (.bios)
                  0000bb60    000000c0              : lck.o67 (.bios)
                  0000bc20    000000c0              : sys_exit.o67 (.bios)
                  0000bce0    000000c0     biosC6000.a67 : clk_htime.o67 (.bios)
                  0000bda0    00000080     bios.a67 : fxn.o67 (.bios)
                  0000be20    00000080              : idl_busy.o67 (.bios)
                  0000bea0    00000080              : log.o67 (.bios)
                  0000bf20    00000080              : sts.o67 (.bios)
                  0000bfa0    00000080     biosC6000.a67 : idl_cal.o67 (.bios)
                  0000c020    00000060     bios.a67 : hwi_c.o67 (.bios)
                  0000c080    00000060              : sem_pend_counting.o67 (.bios)
                  0000c0e0    00000060              : sys_abor.o67 (.bios)
                  0000c140    00000060              : utl_putc.o67 (.bios)
                  0000c1a0    00000060     biosC6000.a67 : clk_start.o67 (.bios)
                  0000c200    00000040     bios.a67 : idl_stub.o67 (.bios)
                  0000c240    00000040              : rta_andn.o67 (.bios)
                  0000c280    00000040              : utl_doab.o67 (.bios)
                  0000c2c0    00000040     biosC6000.a67 : clk_stop.o67 (.bios)
                  0000c300    00000020     bios.a67 : fxn_c.o67 (.bios)
                  0000c320    00000020              : gbl_vers.o67 (.bios)
                  0000c340    00000020              : idl.o67 (.bios)
                  0000c360    00000020              : sts_set.o67 (.bios)
                  0000c380    00000020              : utl_doer.o67 (.bios)
                  0000c3a0    00000020              : utl_halt.o67 (.bios)

.text      0    0000c3c0    00001ae0     
                  0000c3c0    00000480     dsk6713bslccsv4.lib : dsk6713.obj (.text)
                  0000c840    000002e0                         : dsk6713_aic23_opencodec.obj (.text)
                  0000cb20    00000280     single-pole.obj (.text)
                  0000cda0    00000240     rts6700.lib : memcpy62.obj (.text:_memcpy)
                  0000cfe0    000001c0     csl6713.lib : csl_irq.obj (.text:_IRQ_map)
                  0000d1a0    000001a0                 : csl_mcbsp.obj (.text:_MCBSP_reset)
                  0000d340    00000180     bios.a67 : gbl_cslpllinit62.o67 (.text)
                  0000d4c0    00000180     dsk6713bslccsv4.lib : dsk6713_aic23_registers.obj (.text)
                  0000d640    00000140     rts6700.lib : strasg.obj (.text:__strasgi)
                  0000d780    00000120                 : sinit.obj (.text:_call_dtors)
                  0000d8a0    00000100     csl6713.lib : csl_mcbsp.obj (.text:_MCBSP_open)
                  0000d9a0    00000100                 : csl_mcbsp.obj (.text:_MCBSP_start)
                  0000daa0    00000100     rts6700.lib : atexit.obj (.text:_atexit)
                  0000dba0    000000e0     dsk6713bslccsv4.lib : helper_functions_ISR.obj (.text)
                  0000dc80    000000c0     bios.a67 : tsk_stup.o67 (.text)
                  0000dd40    000000a0     csl6713.lib : csl_irq.obj (.text:_setMux)
                  0000dde0    00000040     rts6700.lib : sinit.obj (.text:___add_dtor)
                  0000de20    00000020                 : _lock.obj (.text:__nop)
                  0000de40    00000020                 : _lock.obj (.text:__register_lock)
                  0000de60    00000020                 : _lock.obj (.text:__register_unlock)
                  0000de80    00000020     csl6713.lib : csl_irq.obj (.text)

.cinit     0    0000dea0    00000ffc     
                  0000dea0    000005ac     dsp_bios_cfg.obj (.cinit)
                  0000e44c    00000004     --HOLE-- [fill = 0]
                  0000e450    0000026c     bios.a67 : biosdata.o67 (.cinit)
                  0000e6bc    00000004     --HOLE-- [fill = 0]
                  0000e6c0    000001a4              : knl.o67 (.cinit)
                  0000e864    00000004     --HOLE-- [fill = 0]
                  0000e868    0000012c     csl6713.lib : csl_irq.obj (.cinit)
                  0000e994    00000004     --HOLE-- [fill = 0]
                  0000e998    000000b0     bios.a67 : swi.o67 (.cinit)
                  0000ea48    00000080     single-pole.obj (.cinit)
                  0000eac8    00000070     bios.a67 : tsk.o67 (.cinit)
                  0000eb38    00000060              : tsk_stup.o67 (.cinit)
                  0000eb98    0000005c     lnkrtdx.a67 : rtdx.o67 (.cinit)
                  0000ebf4    00000004     --HOLE-- [fill = 0]
                  0000ebf8    00000054     csl6713.lib : csl_mcbsp.obj (.cinit)
                  0000ec4c    00000004     --HOLE-- [fill = 0]
                  0000ec50    0000004c     bios.a67 : rta.o67 (.cinit)
                  0000ec9c    00000004     --HOLE-- [fill = 0]
                  0000eca0    0000004c     rtdx.lib : buffer1.o62 (.cinit)
                  0000ecec    00000004     --HOLE-- [fill = 0]
                  0000ecf0    00000034     bios.a67 : hwi.o67 (.cinit)
                  0000ed24    00000004     --HOLE-- [fill = 0]
                  0000ed28    00000030     dsk6713bslccsv4.lib : dsk6713_aic23_registers.obj (.cinit)
                  0000ed58    0000002c     bios.a67 : utl_putc.o67 (.cinit)
                  0000ed84    00000004     --HOLE-- [fill = 0]
                  0000ed88    0000002c     rts6700.lib : exit.obj (.cinit)
                  0000edb4    00000004     --HOLE-- [fill = 0]
                  0000edb8    00000024     bios.a67 : obj_init.o67 (.cinit)
                  0000eddc    00000004     --HOLE-- [fill = 0]
                  0000ede0    0000001c              : sys.o67 (.cinit)
                  0000edfc    00000004     --HOLE-- [fill = 0]
                  0000ee00    0000001c     rts6700.lib : _lock.obj (.cinit)
                  0000ee1c    00000004     --HOLE-- [fill = 0]
                  0000ee20    0000001c                 : atexit.obj (.cinit)
                  0000ee3c    00000004     --HOLE-- [fill = 0]
                  0000ee40    00000018     bios.a67 : knl_tick.o67 (.cinit)
                  0000ee58    0000000c              : gbl_setL2CacheMode.o67 (.cinit)
                  0000ee64    00000004     --HOLE-- [fill = 0]
                  0000ee68    0000000c              : idl_busy.o67 (.cinit)
                  0000ee74    00000004     --HOLE-- [fill = 0]
                  0000ee78    0000000c              : knl_swit.o67 (.cinit)
                  0000ee84    00000004     --HOLE-- [fill = 0]
                  0000ee88    0000000c     rts6700.lib : sinit.obj (.cinit)
                  0000ee94    00000004     --HOLE-- [fill = 0]
                  0000ee98    00000004     (.pad.cinit) [fill = 0]

.args      0    0000ee9c    00000004     
                  0000ee9c    00000004     --HOLE-- [fill = 0]

.rtdx_text 
*          0    0000eea0    00000ea0     
                  0000eea0    00000400     rtdx.lib : rtdx_mon.o62 (.rtdx_text:_RTDX_Poll)
                  0000f2a0    00000340              : buffer1.o62 (.rtdx_text:_RTDX_Buffer_WriteCB)
                  0000f5e0    00000300              : buffer1.o62 (.rtdx_text:_RTDX_write_next)
                  0000f8e0    00000140              : rtdx_mon.o62 (.rtdx_text:_RTDX_Mon_Queue)
                  0000fa20    000000e0              : buffer1.o62 (.rtdx_text:_claim)
                  0000fb00    00000080              : rtdx_mon.o62 (.rtdx_text:_RTDX_Init_RT_Monitor)
                  0000fb80    00000060              : buffer1.o62 (.rtdx_text:_RTDX_Buffer_Initialize)
                  0000fbe0    00000060              : buffer2.o62 (.rtdx_text:_RTDX_Buffer_ReadCB)
                  0000fc40    00000040              : buffer1.o62 (.rtdx_text:_RTDX_Buffer_Size)
                  0000fc80    00000040              : rtdx_mon.o62 (.rtdx_text:_RTDX_Final_RT_Monitor)
                  0000fcc0    00000020              : buffer2.o62 (.rtdx_text:_RTDX_Buffer_Read)
                  0000fce0    00000020              : buffer1.o62 (.rtdx_text:_RTDX_Buffer_Write)
                  0000fd00    00000020              : rtdx_mon.o62 (.rtdx_text:_RTDX_checksum)
                  0000fd20    00000020              : intr_tgt.o62 (.rtdx_text)

.far       0    0000fd40    00000560     UNINITIALIZED
                  0000fd40    00000188     rts6700.lib : atexit.obj (.far)
                  0000fec8    000000f4     csl6713.lib : csl_irq.obj (.far)
                  0000ffbc    000000d8     bios.a67 : knl.o67 (.far)
                  00010094    0000005c              : tsk.o67 (.far)
                  000100f0    00000058     single-pole.obj (.far)
                  00010148    00000054     bios.a67 : obj_init.o67 (.far)
                  0001019c    00000050              : tsk_stup.o67 (.far)
                  000101ec    00000038     csl6713.lib : csl_mcbsp.obj (.far)
                  00010224    00000028     dsk6713bslccsv4.lib : dsk6713_aic23_registers.obj (.far)
                  0001024c    00000020     bios.a67 : sys.o67 (.far)
                  0001026c    00000010              : knl_tick.o67 (.far)
                  0001027c    0000000c              : utl_putc.o67 (.far)
                  00010288    0000000c     rts6700.lib : exit.obj (.far)
                  00010294    00000008                 : _lock.obj (.far)
                  0001029c    00000004                 : sinit.obj (.far)

.sysinit   0    000102a0    00000520     
                  000102a0    000002e0     dsp_bios_cfg.obj (.sysinit)
                  00010580    000000e0     bios.a67 : mem_init.o67 (.sysinit)
                  00010660    000000c0              : boot.o67 (.sysinit)
                  00010720    00000080              : tsk_init.o67 (.sysinit)
                  000107a0    00000020              : obj_init.o67 (.sysinit)

.rtdx_data 
*          0    000107c0    0000044c     UNINITIALIZED
                  000107c0    00000410     dsp_bios_cfg.obj (.rtdx_data)
                  00010bd0    00000020     rtdx.lib : buffer1.o62 (.rtdx_data)
                  00010bf0    0000001c              : rtdx_mon.o62 (.rtdx_data)

.mem       0    00010c0c    00000004     UNINITIALIZED
                  00010c0c    00000004     dsp_bios_cfg.obj (.mem)

.TSK_idle$stk 
*          0    00010c10    00000400     UNINITIALIZED
                  00010c10    00000400     dsp_bios_cfg.obj (.TSK_idle$stk)

.stack     0    00011010    00000400     UNINITIALIZED
                  00011010    00000400     --HOLE--

.bss       0    00011410    0000035e     UNINITIALIZED
                  00011410    00000100     bios.a67 : hwi_disp_asm.o67 (.bss)
                  00011510    000000cc              : biosdata.o67 (.bss)
                  000115dc    0000009c              : swi.o67 (.bss)
                  00011678    00000048              : knl.o67 (.bss)
                  000116c0    00000028     dsp_bios_cfg.obj (.bss)
                  000116e8    00000018     bios.a67 : hwi.o67 (.bss)
                  00011700    00000018     lnkrtdx.a67 : rtdx.o67 (.bss)
                  00011718    00000010     rtdx.lib : buffer1.o62 (.bss)
                  00011728    00000010     single-pole.obj (.bss)
                  00011738    0000000c     bios.a67 : tsk.o67 (.bss)
                  00011744    00000008              : clk_data.o67 (.bss)
                  0001174c    00000008              : sys.o67 (.bss)
                  00011754    00000008     dsk6713bslccsv4.lib : dsk6713_aic23_opencodec.obj (.bss)
                  0001175c    00000004     bios.a67 : clk_data2.o67 (.bss)
                  00011760    00000004              : gbl_setL2CacheMode.o67 (.bss)
                  00011764    00000004              : idl_busy.o67 (.bss)
                  00011768    00000004              : mem_asm.o67 (.bss)
                  0001176c    00000002     dsk6713bslccsv4.lib : dsk6713.obj (.bss)

.trace     0    00011770    00000200     
                  00011770    00000200     --HOLE-- [fill = 00000000]

.tsk       0    00011970    00000060     UNINITIALIZED
                  00011970    00000060     dsp_bios_cfg.obj (.tsk)

.sts       0    000119d0    00000030     
                  000119d0    00000030     dsp_bios_cfg.obj (.sts)

.LOG_system$buf 
*          0    00011a00    00000100     UNINITIALIZED
                  00011a00    00000100     dsp_bios_cfg.obj (.LOG_system$buf)

.hst0      0    00011b00    00000100     UNINITIALIZED
                  00011b00    00000100     dsp_bios_cfg.obj (.hst0)

.const     0    00011c00    000000f9     
                  00011c00    0000004e     bios.a67 : tsk_stup.o67 (.const)
                  00011c4e    00000002     --HOLE-- [fill = 0]
                  00011c50    00000040     dsk6713bslccsv4.lib : dsk6713_aic23_opencodec.obj (.const)
                  00011c90    00000023     bios.a67 : utl_doab.o67 (.const)
                  00011cb3    00000022              : utl_doer.o67 (.const)
                  00011cd5    00000003     --HOLE-- [fill = 0]
                  00011cd8    00000020     dsk6713bslccsv4.lib : dsk6713.obj (.const)
                  00011cf8    00000001     bios.a67 : tsk.o67 (.const)

.printf    0    00011cf9    0000003f     COPY SECTION
                  00011cf9    0000003f     dsp_bios_cfg.obj (.printf)

.pip       0    00011cfc    000000c8     UNINITIALIZED
                  00011cfc    000000c8     dsp_bios_cfg.obj (.pip)

.gblinit   0    00011dc4    00000040     
                  00011dc4    00000040     dsp_bios_cfg.obj (.gblinit)

.hst       0    00011e04    0000003c     UNINITIALIZED
                  00011e04    0000003c     dsp_bios_cfg.obj (.hst)

.swi       0    00011e40    0000002c     UNINITIALIZED
                  00011e40    0000002c     dsp_bios_cfg.obj (.swi)

.switch    0    00011e6c    00000028     
                  00011e6c    00000028     rtdx.lib : rtdx_mon.o62 (.switch)

.log       0    00011e94    00000018     
                  00011e94    00000018     dsp_bios_cfg.obj (.log)

.hst1      0    00011eac    00000010     UNINITIALIZED
                  00011eac    00000010     dsp_bios_cfg.obj (.hst1)

.idl       0    00011ebc    00000010     UNINITIALIZED
                  00011ebc    00000010     dsp_bios_cfg.obj (.idl)

.idlcal    0    00011ecc    00000010     UNINITIALIZED
                  00011ecc    00000010     dsp_bios_cfg.obj (.idlcal)

.sys       0    00011edc    00000010     UNINITIALIZED
                  00011edc    00000010     dsp_bios_cfg.obj (.sys)

.pinit     0    00011eec    0000000c     
                  00011eec    00000004     rtdx.lib : buffer1.o62 (.pinit)
                  00011ef0    00000004              : rtdx_mon.o62 (.pinit)
                  00011ef4    00000004     --HOLE-- [fill = 0]

.trcdata   0    00011ef8    0000000c     
                  00011ef8    0000000c     bios.a67 : trc.o67 (.trcdata)

.clk       0    00011f04    00000008     UNINITIALIZED
                  00011f04    00000008     dsp_bios_cfg.obj (.clk)


GLOBAL SYMBOLS: SORTED ALPHABETICALLY BY Name 

address    name
--------   ----
00011410   $bss
00011410   .bss
00000000   .data
0000c3c0   .text
0001045c   BIOS$$CLKOFF
0001041c   BIOS$$CLKON
000102a0   BIOS_init
000104c4   BIOS_start
00000000   BUF$
00000001   BUF_ENABLED
00000001   CLK$
00011f04   CLK_A_TABBEG
00000001   CLK_CALDIV
00000004   CLK_CALMULT
0000dbba   CLK_COUNTSPMS
00000000   CLK_COUNTSPMSHIGH
00011538   CLK_D_idletime
00011534   CLK_D_isrhook
00011530   CLK_D_tabbeg
0001152c   CLK_D_timefxn
0000bce0   CLK_F_getfhtime
0000bd00   CLK_F_gethtime
0000ade0   CLK_F_getltime
0000bd00   CLK_F_getshtime
0000adf4   CLK_F_isr
0000af54   CLK_F_itime
00009320   CLK_HOOKFXN
00000001   CLK_HTIMEDIV
00000004   CLK_HTIMEMULT
0000dbba   CLK_HTIMEPERLTIME
00004000   CLK_INTBIT
00000001   CLK_LTIMEDIV
00036ee8   CLK_LTIMEMULT
000003e8   CLK_MICROSECS
0000dbba   CLK_PRD
00000000   CLK_PRDHIGH
01940000   CLK_REGS
00011528   CLK_R_time
00000020   CLK_TCR
00000000   CLK_TDDR
00000000   CLK_TDDRHIGH
0000bd00   CLK_TIMEFXN
00000000   CLK_TIMERNUM
00000001   CLK_USETIMER
00011f08   CLK_null
00000000   DEV$
00000000   DGN$
00000000   DHL$
00000000   DHL_gChannelsAvailable
00000000   DIO$
00000000   DIO_NUMSWIBASE
00000000   DIO_NUMTSKBASE
00000000   DIO_STATIC
00000000   DPI$
0000bda0   FXN_F_nop
0000bda8   FXN_F_run
0000bdf8   FXN_F_zero
00000001   GBL$
00005205   GBL_A_VERSION
00000000   GBL_BIGENDIAN
00000000   GBL_C641XL2PRIORITY
00000000   GBL_CACHE
00000001   GBL_CALLCSLCFGINIT
00004e20   GBL_CLKIN
00001770   GBL_CLKTYPE
00001a39   GBL_DSPSUBTYPE
0000003e   GBL_DSPTYPE
00000001   GBL_ENABLEINST
00000042   GBL_FOOTPRINT
00036ee8   GBL_FREQ
00002226   GBL_L2ALLOC
00000000   GBL_L2CONFIGALLOC
00000001   GBL_L2CONFIGURE
00000001   GBL_L2MARMASK
00000000   GBL_L2MARMASK1
00000000   GBL_L2MARMASK2
00000000   GBL_L2MARMASK3
00000000   GBL_L2MARMASK4
00000000   GBL_L2MARMASK5
00000000   GBL_L2MODE
00000000   GBL_L2PRIORITY
00000000   GBL_NULL
00000000   GBL_PROCID
00000000   GBL_ROM
00000000   GBL_SUPPORTCSL
0000dbef   GBL_TRCMASKVALUE
00000001   GBL_USERINIT
0000d368   GBL_USERINITFXN
00000001   GBL_boot
00011f00   GBL_initdone
00011010   GBL_stackbeg
0001140f   GBL_stackend
00000000   GIO$
0000c300   GIO_CREATEFXN
0000c300   GIO_DELETEFXN
0000c300   GIO_PENDFXN
0000c300   GIO_POSTFXN
00000000   HOOK$
00000000   HOOK_KNLID
00000001   HST$
00011e04   HST_A_TABBEG
00011e40   HST_A_TABEND
00000000   HST_DSM
000116cc   HST_DSMBUFSEG
00000400   HST_DSMMEMSIZE
000115a4   HST_D_chanmask
000115a8   HST_D_tabbeg
000115ac   HST_D_tabend
000000ff   HST_MAXFRAMEALLOWED
00000040   HST_MAXFRAMESET
00000000   HST_NONE
00000001   HST_RTDX
00000001   HWI$
00000000   HWI_A_VECS
00004018   HWI_CFGDISPATCHED
000116f8   HWI_D_bss
000116fc   HWI_D_ccmask
000116e8   HWI_D_spsave
00009320   HWI_F_dispatch
00000000   HWI_GENERATE_RESET_VEC
0000000a   HWI_INT10
00000000   HWI_INT10$hwi
0000000b   HWI_INT11
00000000   HWI_INT11$hwi
0000000c   HWI_INT12
00000000   HWI_INT12$hwi
0000000d   HWI_INT13
00000000   HWI_INT13$hwi
0000000e   HWI_INT14
00000000   HWI_INT14$hwi
0000000f   HWI_INT15
00000000   HWI_INT15$hwi
00000004   HWI_INT4
00000000   HWI_INT4$hwi
00000005   HWI_INT5
00000000   HWI_INT5$hwi
00000006   HWI_INT6
00000000   HWI_INT6$hwi
00000007   HWI_INT7
00000000   HWI_INT7$hwi
00000008   HWI_INT8
00000000   HWI_INT8$hwi
00000009   HWI_INT9
00000000   HWI_INT9$hwi
082039a3   HWI_INTRMULTHIGH
310718af   HWI_INTRMULTLOW
00000001   HWI_NMI
00000000   HWI_NMI$hwi
00000000   HWI_POLARITYMASK
00000002   HWI_RESERVED0
00000000   HWI_RESERVED0$hwi
00000003   HWI_RESERVED1
00000000   HWI_RESERVED1$hwi
00000000   HWI_RESET
00000000   HWI_RESET$hwi
00000001   HWI_ZEROTAB
00000001   IDL$
00011ecc   IDL_A_CALBEG
00011ebc   IDL_A_TABBEG
00000006   IDL_CALIBRERROR
0000c200   IDL_CALIBRFXN
00011764   IDL_D_busyObj
00011518   IDL_D_calbeg
00011514   IDL_D_calibrate
00011510   IDL_D_tabbeg
00011ec8   IDL_END
00011ed8   IDL_END$
0000be20   IDL_F_busy
0000bfa0   IDL_F_calibrate
0000c340   IDL_F_loop
0000c200   IDL_F_stub
00000001   IDL_USECLKIDLTIME
000119f4   IDL_busyObj
00011d33   IDL_busyObj$avgfmt
00000001   IDL_busyObj$filter
00000001   IDL_busyObj$iA
00000000   IDL_busyObj$iB
00000001   IDL_busyObj$iC
00011d2d   IDL_busyObj$maxfmt
00000000   IDL_busyObj$operation
000119f0   IDL_busyObj$stsobj
00011d30   IDL_busyObj$sumfmt
00000002   IDL_busyObj$unittype
00011ebc   IDL_cpuLoad
00011ecc   IDL_cpuLoad$
000116cc   IRAM
00000200   IRAM$B
00008000   IRAM$L
00000001   ISRC$
0000ada0   KNL_glue
00011e40   KNL_swi
00000001   KNL_swi$dorta
00000000   KNL_swi$ord
00000000   KNL_swi$pri
000119d4   KNL_swi$sts
00011d09   KNL_swi$sts$avgfmt
00000002   KNL_swi$sts$filter
00000001   KNL_swi$sts$filtmaxmult
00000001   KNL_swi$sts$filtsummult
00011cf9   KNL_swi$sts$maxfmt
000119d0   KNL_swi$sts$stsobj
00011d01   KNL_swi$sts$sumfmt
00000000   KNL_swi$sts$unittype
00000000   KNL_swi$swi
00000001   LCK$
00008200   LNK_F_checkBufferCall
00008280   LNK_F_dataPump
00008220   LNK_F_getChanPtr
00008278   LNK_F_init
000087c4   LNK_F_readCallBack
00011ec0   LNK_dataPump
00011ed0   LNK_dataPump$
00011704   LNK_dspFrameReadyMask
00011700   LNK_dspFrameRequestMask
00008520   LNK_newin
00008660   LNK_newout
00008294   LNK_rcloop
00008360   LNK_rdrtry
0001170c   LNK_readDone
00011710   LNK_readFail
00011708   LNK_readPend
00008370   LNK_rrloop
00011714   LNK_writeFail
00008444   LNK_wrloop
00008434   LNK_wrrtry
00000001   LOG$
00011e94   LOG_A_TABBEG
00011eac   LOG_A_TABEND
00000001   LOG_A_TABLEN
0001151c   LOG_D_system
00000001   LOG_ENABLED
0000bea0   LOG_F_event
00011e94   LOG_system
00011a00   LOG_system$buf
00000000   LOG_system$datatype
00000000   LOG_system$log
00000040   LOG_system$size
00000000   MBX$
00000001   MEM$
000116cc   MEM_MALLOCSEG
00000000   MEM_NULL
000116cc   MEM_SEGZERO
00000000   MEM_USEMPC
00000001   MEM_gNumHeap
00000000   MSGQ$
00000000   MSGQ_USEMSGQ
00000000   OBJ$
00000000   PIP$
00011cfc   PIP_A_TABBEG
00011dc4   PIP_A_TABEND
00000002   PIP_A_TABLEN
00011520   PIP_D_tabbeg
00011524   PIP_D_tablen
0000a654   PIP_F_give
0000a654   PIP_F_probe
0000a728   PIP_F_start
0000a5c0   PIP_F_take
00000064   PIP_OBJSIZE
00000000   PIP_gNextId
00000002   PIP_gNumEmbed
00000000   POOL$
00000000   POOL_USEPOOL
00000001   PRD$
00000000   PRD_A_TABBEG
00000000   PRD_A_TABEND
00000000   PRD_A_TABLEN
00011560   PRD_D_cur
00011564   PRD_D_elapsed
00011568   PRD_D_prevtim
0001156c   PRD_D_scalar
00011570   PRD_D_swihandle
00011574   PRD_D_tabbeg
00011578   PRD_D_tablen
0001157c   PRD_D_thook
0001155c   PRD_D_tick
00009780   PRD_F_swi
00009a40   PRD_F_tick
00004000   PRD_SCALAR
00000000   PRD_SWIHANDLE
0000a5a0   PRD_THOOKFXN
00011f04   PRD_clock
00000001   QUE$
00011580   RTA_D_fromHost
00011588   RTA_D_logval
00011598   RTA_D_stsval
00011584   RTA_D_toHost
0000c240   RTA_F_andn
00009ed8   RTA_F_dispatch
00009de0   RTA_F_getlog
00009e24   RTA_F_getsts
0000c260   RTA_F_or
00009e6c   RTA_F_readblk
00009e98   RTA_F_resetmem
00009e8c   RTA_F_writeword
00011ec4   RTA_dispatcher
00011ed4   RTA_dispatcher$
00009f28   RTA_execute
00011e08   RTA_fromHost
00011eac   RTA_fromHost$buf
00000004   RTA_fromHost$framesize
00000000   RTA_fromHost$hst
00000001   RTA_fromHost$id
00000000   RTA_fromHost$mode
00011cfc   RTA_fromHost$pipe
00011d2c   RTA_fromHost$pipe$aaa
00011d5c   RTA_fromHost$pipe$bbb
000116d0   RTA_fromHost$pipe$dtab
00011d00   RTA_fromHost$pipe$rd
00011d30   RTA_fromHost$pipe$wr
00011e10   RTA_fromHost$rtdx
00011e24   RTA_toHost
00011b00   RTA_toHost$buf
00000040   RTA_toHost$framesize
00000000   RTA_toHost$hst
00000000   RTA_toHost$id
00000001   RTA_toHost$mode
00011d60   RTA_toHost$pipe
00011d90   RTA_toHost$pipe$aaa
00011dc0   RTA_toHost$pipe$bbb
000116dc   RTA_toHost$pipe$dtab
00011d64   RTA_toHost$pipe$rd
00011d94   RTA_toHost$pipe$wr
00011e2c   RTA_toHost$rtdx
00000001   RTDX$
00000408   RTDX_BUFMEMSIZE
000116cc   RTDX_DATAMEMSEG
00000000   RTDX_MODE
00000001   RTDX_NORMALIZED_HDR
00000001   RTDX_USERTDX
00000000   RTDX_USERTEXECUTION
ffffffff   SDRAM
00000000   SEM$
00000000   SIO$
00000001   STS$
000119d0   STS_A_TABBEG
00011a00   STS_A_TABEND
0000bf58   STS_F_add
0000bf20   STS_F_delta
0000bf84   STS_F_reset
00000001   SWI$
00011e40   SWI_A_TABBEG
00011e6c   SWI_A_TABEND
00000001   SWI_A_TABLEN
000115f4   SWI_D_curfxn
000115e4   SWI_D_curmask
000115f0   SWI_D_curmbox
000115e8   SWI_D_curset
000115e0   SWI_D_execaddr
000115fc   SWI_D_inswi
000115ec   SWI_D_lock
000115f8   SWI_D_rdybeg
00011600   SWI_D_rdytab
000115dc   SWI_D_runaddr
00000000   SWI_EHOOKFXN
00008ffc   SWI_EXECFXN
00008de0   SWI_F_enable
00008ffc   SWI_F_exec
00009028   SWI_F_iexec
00008e50   SWI_F_post
000090b8   SWI_F_run
00000000   SWI_IHOOKFXN
000090b8   SWI_RUNFXN
00000001   SYS$
00011edc   SYS$config
0000c280   SYS_ABORTFXN
0000c380   SYS_ERRORFXN
0000c3a0   SYS_EXITFXN
0000c140   SYS_PUTCFXN
00011efc   TRC_R_mask
00011ef8   TRC_cinit
00000001   TSK$
00000000   TSK_NUM_HOOKS
00000001   TSK_PRIORITY
00000000   TSK_READYFXN
00000000   TSK_STACKSEG
00000400   TSK_STACKSIZE
00000000   TSK_SWITCHFXN
0000c300   TSK_VCREATEFXN
0000c300   TSK_VDELETEFXN
0000c300   TSK_VEXITFXN
0001197c   TSK_idle
00000000   TSK_idle$ord
00000000   TSK_idle$pri
00010c10   TSK_idle$stack
00010fa8   TSK_idle$stkptr
000119e4   TSK_idle$sts
00011d23   TSK_idle$sts$avgfmt
00000002   TSK_idle$sts$filter
00000001   TSK_idle$sts$filtmaxmult
00000001   TSK_idle$sts$filtsummult
00011d13   TSK_idle$sts$maxfmt
000119e0   TSK_idle$sts$stsobj
00011d1b   TSK_idle$sts$sumfmt
00000000   TSK_idle$sts$unittype
00000000   TSK_idle$tsk
00000000   UDEV$
000102a0   _BIOS_init
000104c4   _BIOS_start
0000dbba   _CLK_COUNTSPMS
00011744   _CLK_DFLTMICROSECS
00011558   _CLK_D_countspms
0001154c   _CLK_D_dirty
00011748   _CLK_D_microseconds
00011550   _CLK_D_prd
00011554   _CLK_D_tddr
0000af54   _CLK_F_itime
0000dbba   _CLK_PRD
01940000   _CLK_REGS
00000000   _CLK_TDDR
00000000   _CLK_TIMERNUM
00000001   _CLK_USETIMER
0001153c   _CLK_htimeDiv
00011540   _CLK_htimeMult
0001175c   _CLK_htimePerLtime
0000af54   _CLK_itime
00011544   _CLK_ltimeDiv
00011548   _CLK_ltimeMult
0000b900   _CLK_measure
0000c1a0   _CLK_start
0000c2c0   _CLK_stop
000100f0   _Config
00011754   _DSK6713_AIC23_codeccontrolhandle
00011758   _DSK6713_AIC23_codecdatahandle
0000d5ac   _DSK6713_AIC23_config
0000c840   _DSK6713_AIC23_openCodec
0000d588   _DSK6713_AIC23_rget
0000d4c0   _DSK6713_AIC23_rset
0000c540   _DSK6713_getVersion
0000c590   _DSK6713_init
0000c4ac   _DSK6713_rget
0000c498   _DSK6713_rset
0001176c   _DSK6713_version
0000c3c0   _DSK6713_wait
0000c464   _DSK6713_waitusec
0000c300   _FXN_F_nop
0000bda8   _FXN_F_run
0000bdf8   _FXN_F_zero
00000000   _GBL_CACHE
000115b4   _GBL_clkIn
0000b580   _GBL_cslCacheInit
000115b8   _GBL_freq
0000c320   _GBL_getVersion
000115b0   _GBL_procId
0000d368   _GBL_setPLLto225MHz
00011e04   _HST_A_TABBEG
00011e40   _HST_A_TABEND
00004018   _HWI_CFGDISPATCHED
000116f4   _HWI_D_inhwi
000116e8   _HWI_D_spsave
00009320   _HWI_F_dispatch
0000000a   _HWI_INT10
0000000b   _HWI_INT11
0000000c   _HWI_INT12
0000000d   _HWI_INT13
0000000e   _HWI_INT14
0000000f   _HWI_INT15
00000004   _HWI_INT4
00000005   _HWI_INT5
00000006   _HWI_INT6
00000007   _HWI_INT7
00000008   _HWI_INT8
00000009   _HWI_INT9
00000001   _HWI_NMI
00000002   _HWI_RESERVED0
00000003   _HWI_RESERVED1
00000000   _HWI_RESET
00011408   _HWI_STKBOTTOM
00011010   _HWI_STKTOP
000116e8   _HWI_data
0000c020   _HWI_disable
00011410   _HWI_dispatchTab
0000c038   _HWI_enable
0000c04c   _HWI_restore
00011728   _H_Codec
000119f4   _IDL_busyObj
00011ebc   _IDL_cpuLoad
0000c340   _IDL_loop
000116cc   _IRAM
00000200   _IRAM_base
00008000   _IRAM_length
0000cfe0   _IRQ_map
0000cce4   _ISR_AIC
00011680   _KNL_alarm
0000b440   _KNL_check
000116a4   _KNL_curqueue
00011694   _KNL_curtask
0001169c   _KNL_curtime
0001005c   _KNL_dummy
0000b6b4   _KNL_enter
0000b660   _KNL_exit
0000b518   _KNL_idle
000116bc   _KNL_idlefxn
00011688   _KNL_inactive
0000b9e0   _KNL_ipost
0000b53c   _KNL_max
000116a8   _KNL_maxqueue
0000baa0   _KNL_post
00011698   _KNL_prevtask
0001168c   _KNL_priority
0000ffbc   _KNL_queues
00009b20   _KNL_run
0000ac20   _KNL_saveIsrFrame
00011690   _KNL_set
00011684   _KNL_setpri
00011e40   _KNL_swi
000116a0   _KNL_swiptr
0000acec   _KNL_switch
000116b0   _KNL_tcreatefxn
000116b4   _KNL_tdeletefxn
0000a5a0   _KNL_tick
000116b8   _KNL_treadyfxn
000116ac   _KNL_tswitchfxn
00011678   _KNL_wFlag
0001167c   _KNL_wList
0000bb90   _LCK_pend
0000bb60   _LCK_post
00011ec0   _LNK_dataPump
00011704   _LNK_dspFrameReadyMask
00011700   _LNK_dspFrameRequestMask
0001170c   _LNK_readDone
00011710   _LNK_readFail
00011708   _LNK_readPend
00011714   _LNK_writeFail
00011e94   _LOG_A_TABBEG
00011eac   _LOG_A_TABEND
00000001   _LOG_A_TABLEN
0001151c   _LOG_D_system
0000bea0   _LOG_event
00011e94   _LOG_system
0000d8a0   _MCBSP_open
0000d1a0   _MCBSP_reset
0000d9a0   _MCBSP_start
00011768   _MEM
000115bc   _MEM_D_NUMSEGMENTS
000115c4   _MEM_D_freelist
000115c8   _MEM_D_lockaddr
000115c0   _MEM_D_memtab
000115cc   _MEM_D_unlockaddr
00010580   _MEM_init
000116c0   _MEM_memtab
000107a0   _OBJ_init
00010180   _OBJ_segtab
00010148   _OBJ_table
00011cfc   _PIP_A_TABBEG
00011dc4   _PIP_A_TABEND
0001155c   _PRD_D_tick
00011f04   _PRD_clock
00011ec4   _RTA_dispatcher
00011e08   _RTA_fromHost
00011e24   _RTA_toHost
000107c0   _RTDX_Buffer
00010bcc   _RTDX_Buffer_End
0000fb80   _RTDX_Buffer_Initialize
0000fcc0   _RTDX_Buffer_Read
0000fbe0   _RTDX_Buffer_ReadCB
0000fc40   _RTDX_Buffer_Size
00010bc8   _RTDX_Buffer_Start
0000fce0   _RTDX_Buffer_Write
0000f2a0   _RTDX_Buffer_WriteCB
0000fc80   _RTDX_Final_RT_Monitor
0000fb00   _RTDX_Init_RT_Monitor
00000002   _RTDX_JTAGONLY
0000fd20   _RTDX_Mask_IER
0000f8e0   _RTDX_Mon_Queue
0000eea0   _RTDX_Poll
00000000   _RTDX_interrupt_mask
00010bdc   _RTDX_writing
ffffffff   _SDRAM
0000c080   _SEM_pend
0000a0a0   _SEM_pendEnterKnl
0000b820   _SEM_post
0000b820   _SEM_postBinary
0000b740   _SEM_postEnterKnl
000119d0   _STS_A_TABBEG
00011a00   _STS_A_TABEND
0000bf58   _STS_add
0000bf20   _STS_delta
0000bf84   _STS_reset
0000c360   _STS_set
000115f4   _SWI_D_curfxn
000115e4   _SWI_D_curmask
000115e8   _SWI_D_curset
000115e0   _SWI_D_execaddr
000115fc   _SWI_D_inswi
000115ec   _SWI_D_lock
000115f8   _SWI_D_rdybeg
000115dc   _SWI_D_runaddr
000115dc   _SWI_data
00008e50   _SWI_post
000115d0   _SYS
00011770   _SYS_PUTCBEG
0001196f   _SYS_PUTCEND
0000c0e0   _SYS_abort
0000bc20   _SYS_exit
0001024c   _SYS_exitStack
0001174c   _SYS_exitStackPtr
00011750   _SYS_exitStackTop
00011efc   _TRC_R_mask
00011740   _TSK
00010094   _TSK_ATTRS
000100b0   _TSK_config
0000afa0   _TSK_exit
0001197c   _TSK_idle
00010720   _TSK_init
00011738   _TSK_nTasks
0001173c   _TSK_pid
0000aa20   _TSK_setup
0000b380   _TSK_startup
000100d0   _TSK_timerSem
0000c280   _UTL_doAbort
0000c380   _UTL_doError
0000c140   _UTL_doPutc
0000c3a0   _UTL_halt
0000af70   __CLK_lat1beg
0000af9c   __CLK_lat1end
00008c34   __GBL_setL2CacheMode
000115d8   __HOOK_NUMHOOKS
000115d4   __HOOK_knlId
00009320   __HWI_lat1beg
000094a0   __HWI_lat1end
000094a0   __HWI_lat2beg
00009640   __HWI_lat2end1
000095cc   __HWI_lat2end2
00009660   __HWI_lat3beg
00009760   __HWI_lat3end1
000095fc   __HWI_lat3end2
0000be20   __IDL_lat1beg
0000be70   __IDL_lat1end
0000ffb4   __IRQ_dispatchTable
0000fef0   __IRQ_eventTable
0000de80   __IRQ_hookFetchPacket
0000ff74   __IRQ_intTable
0000b490   __KNL_lat1beg
0000b518   __KNL_lat1end
0000bea0   __LOG_lat1beg
0001021c   __MCBSP_hDev0
00010220   __MCBSP_hDev1
000101c4   __MEM_mutex
00009e98   __RTA_lat1beg
00009ed0   __RTA_lat1end
0000a800   __SEM_dopost
00000400   __STACK_SIZE
00008f8c   __SWI_lat1beg
00009040   __SWI_lat1end
00009044   __SWI_lat2beg
000090b4   __SWI_lat2end
00008de0   __SWI_lat3beg
00008e4c   __SWI_lat3end
0001019c   __TSK_mutex
00010290   ___TI_enable_exit_profile_output
ffffffff   ___TI_pprof_out_hndl
ffffffff   ___TI_prof_data_size
ffffffff   ___TI_prof_data_start
0000dde0   ___add_dtor
0000fd40   ___atexit_func_id__
ffffffff   ___binit__
00011410   ___bss__
ffffffff   ___c_args__
0000dea0   ___cinit__
00000000   ___data__
00000000   ___edata__
0001176e   ___end__
0000dea0   ___etext__
00011eec   ___pinit__
0000c3c0   ___text__
0000b140   __auto_init
00010288   __cleanup_ptr
0001028c   __dtors_ptr
00010294   __lock
0000de20   __nop
0000de40   __register_lock
0000de60   __register_unlock
00011010   __stack
0000d640   __strasgi
00010298   __unlock
00010118   _a
0000daa0   _atexit
00010128   _b
00010660   _c_int00
0000d780   _call_dtors
0001029c   _dtors
0000cbc8   _init_HWI
0000cb20   _init_hardware
00010138   _inputBuffer
0000cc54   _main
0000cda0   _memcpy
0000dc1c   _mono_read_16Bit
0000dbf4   _mono_write_16Bit
00011730   _outputBuffer
00011720   _rtdxNullChanCnt
00011724   _rtdxNullFuncCnt
00010bd0   _rtdx_buffer_state
00010bf0   _rtdx_mon_state
0000dbc8   _stereo_read_16Bit
0000dba0   _stereo_write_16Bit
0000d340   _wait500nS
ffffffff   binit
0000dea0   cinit
00000000   edata
0001176e   end
0000dea0   etext
00000000   hwi0
00000020   hwi1
00000140   hwi10
00000160   hwi11
00000180   hwi12
000001a0   hwi13
000001c0   hwi14
000001e0   hwi15
00000040   hwi2
00000060   hwi3
00000080   hwi4
000000a0   hwi5
000000c0   hwi6
000000e0   hwi7
00000100   hwi8
00000120   hwi9
00011eec   pinit


GLOBAL SYMBOLS: SORTED BY Symbol Address 

address    name
--------   ----
00000000   .data
00000000   BUF$
00000000   CLK_COUNTSPMSHIGH
00000000   CLK_PRDHIGH
00000000   CLK_TDDR
00000000   CLK_TDDRHIGH
00000000   CLK_TIMERNUM
00000000   DEV$
00000000   DGN$
00000000   DHL$
00000000   DHL_gChannelsAvailable
00000000   DIO$
00000000   DIO_NUMSWIBASE
00000000   DIO_NUMTSKBASE
00000000   DIO_STATIC
00000000   DPI$
00000000   GBL_BIGENDIAN
00000000   GBL_C641XL2PRIORITY
00000000   GBL_CACHE
00000000   GBL_L2CONFIGALLOC
00000000   GBL_L2MARMASK1
00000000   GBL_L2MARMASK2
00000000   GBL_L2MARMASK3
00000000   GBL_L2MARMASK4
00000000   GBL_L2MARMASK5
00000000   GBL_L2MODE
00000000   GBL_L2PRIORITY
00000000   GBL_NULL
00000000   GBL_PROCID
00000000   GBL_ROM
00000000   GBL_SUPPORTCSL
00000000   GIO$
00000000   HOOK$
00000000   HOOK_KNLID
00000000   HST_DSM
00000000   HST_NONE
00000000   HWI_A_VECS
00000000   HWI_GENERATE_RESET_VEC
00000000   HWI_INT10$hwi
00000000   HWI_INT11$hwi
00000000   HWI_INT12$hwi
00000000   HWI_INT13$hwi
00000000   HWI_INT14$hwi
00000000   HWI_INT15$hwi
00000000   HWI_INT4$hwi
00000000   HWI_INT5$hwi
00000000   HWI_INT6$hwi
00000000   HWI_INT7$hwi
00000000   HWI_INT8$hwi
00000000   HWI_INT9$hwi
00000000   HWI_NMI$hwi
00000000   HWI_POLARITYMASK
00000000   HWI_RESERVED0$hwi
00000000   HWI_RESERVED1$hwi
00000000   HWI_RESET
00000000   HWI_RESET$hwi
00000000   IDL_busyObj$iB
00000000   IDL_busyObj$operation
00000000   KNL_swi$ord
00000000   KNL_swi$pri
00000000   KNL_swi$sts$unittype
00000000   KNL_swi$swi
00000000   LOG_system$datatype
00000000   LOG_system$log
00000000   MBX$
00000000   MEM_NULL
00000000   MEM_USEMPC
00000000   MSGQ$
00000000   MSGQ_USEMSGQ
00000000   OBJ$
00000000   PIP$
00000000   PIP_gNextId
00000000   POOL$
00000000   POOL_USEPOOL
00000000   PRD_A_TABBEG
00000000   PRD_A_TABEND
00000000   PRD_A_TABLEN
00000000   PRD_SWIHANDLE
00000000   RTA_fromHost$hst
00000000   RTA_fromHost$mode
00000000   RTA_toHost$hst
00000000   RTA_toHost$id
00000000   RTDX_MODE
00000000   RTDX_USERTEXECUTION
00000000   SEM$
00000000   SIO$
00000000   SWI_EHOOKFXN
00000000   SWI_IHOOKFXN
00000000   TSK_NUM_HOOKS
00000000   TSK_READYFXN
00000000   TSK_STACKSEG
00000000   TSK_SWITCHFXN
00000000   TSK_idle$ord
00000000   TSK_idle$pri
00000000   TSK_idle$sts$unittype
00000000   TSK_idle$tsk
00000000   UDEV$
00000000   _CLK_TDDR
00000000   _CLK_TIMERNUM
00000000   _GBL_CACHE
00000000   _HWI_RESET
00000000   _RTDX_interrupt_mask
00000000   ___data__
00000000   ___edata__
00000000   edata
00000000   hwi0
00000001   BUF_ENABLED
00000001   CLK$
00000001   CLK_CALDIV
00000001   CLK_HTIMEDIV
00000001   CLK_LTIMEDIV
00000001   CLK_USETIMER
00000001   GBL$
00000001   GBL_CALLCSLCFGINIT
00000001   GBL_ENABLEINST
00000001   GBL_L2CONFIGURE
00000001   GBL_L2MARMASK
00000001   GBL_USERINIT
00000001   GBL_boot
00000001   HST$
00000001   HST_RTDX
00000001   HWI$
00000001   HWI_NMI
00000001   HWI_ZEROTAB
00000001   IDL$
00000001   IDL_USECLKIDLTIME
00000001   IDL_busyObj$filter
00000001   IDL_busyObj$iA
00000001   IDL_busyObj$iC
00000001   ISRC$
00000001   KNL_swi$dorta
00000001   KNL_swi$sts$filtmaxmult
00000001   KNL_swi$sts$filtsummult
00000001   LCK$
00000001   LOG$
00000001   LOG_A_TABLEN
00000001   LOG_ENABLED
00000001   MEM$
00000001   MEM_gNumHeap
00000001   PRD$
00000001   QUE$
00000001   RTA_fromHost$id
00000001   RTA_toHost$mode
00000001   RTDX$
00000001   RTDX_NORMALIZED_HDR
00000001   RTDX_USERTDX
00000001   STS$
00000001   SWI$
00000001   SWI_A_TABLEN
00000001   SYS$
00000001   TSK$
00000001   TSK_PRIORITY
00000001   TSK_idle$sts$filtmaxmult
00000001   TSK_idle$sts$filtsummult
00000001   _CLK_USETIMER
00000001   _HWI_NMI
00000001   _LOG_A_TABLEN
00000002   HWI_RESERVED0
00000002   IDL_busyObj$unittype
00000002   KNL_swi$sts$filter
00000002   PIP_A_TABLEN
00000002   PIP_gNumEmbed
00000002   TSK_idle$sts$filter
00000002   _HWI_RESERVED0
00000002   _RTDX_JTAGONLY
00000003   HWI_RESERVED1
00000003   _HWI_RESERVED1
00000004   CLK_CALMULT
00000004   CLK_HTIMEMULT
00000004   HWI_INT4
00000004   RTA_fromHost$framesize
00000004   _HWI_INT4
00000005   HWI_INT5
00000005   _HWI_INT5
00000006   HWI_INT6
00000006   IDL_CALIBRERROR
00000006   _HWI_INT6
00000007   HWI_INT7
00000007   _HWI_INT7
00000008   HWI_INT8
00000008   _HWI_INT8
00000009   HWI_INT9
00000009   _HWI_INT9
0000000a   HWI_INT10
0000000a   _HWI_INT10
0000000b   HWI_INT11
0000000b   _HWI_INT11
0000000c   HWI_INT12
0000000c   _HWI_INT12
0000000d   HWI_INT13
0000000d   _HWI_INT13
0000000e   HWI_INT14
0000000e   _HWI_INT14
0000000f   HWI_INT15
0000000f   _HWI_INT15
00000020   CLK_TCR
00000020   hwi1
0000003e   GBL_DSPTYPE
00000040   HST_MAXFRAMESET
00000040   LOG_system$size
00000040   RTA_toHost$framesize
00000040   hwi2
00000042   GBL_FOOTPRINT
00000060   hwi3
00000064   PIP_OBJSIZE
00000080   hwi4
000000a0   hwi5
000000c0   hwi6
000000e0   hwi7
000000ff   HST_MAXFRAMEALLOWED
00000100   hwi8
00000120   hwi9
00000140   hwi10
00000160   hwi11
00000180   hwi12
000001a0   hwi13
000001c0   hwi14
000001e0   hwi15
00000200   IRAM$B
00000200   _IRAM_base
000003e8   CLK_MICROSECS
00000400   HST_DSMMEMSIZE
00000400   TSK_STACKSIZE
00000400   __STACK_SIZE
00000408   RTDX_BUFMEMSIZE
00001770   GBL_CLKTYPE
00001a39   GBL_DSPSUBTYPE
00002226   GBL_L2ALLOC
00004000   CLK_INTBIT
00004000   PRD_SCALAR
00004018   HWI_CFGDISPATCHED
00004018   _HWI_CFGDISPATCHED
00004e20   GBL_CLKIN
00005205   GBL_A_VERSION
00008000   IRAM$L
00008000   _IRAM_length
00008200   LNK_F_checkBufferCall
00008220   LNK_F_getChanPtr
00008278   LNK_F_init
00008280   LNK_F_dataPump
00008294   LNK_rcloop
00008360   LNK_rdrtry
00008370   LNK_rrloop
00008434   LNK_wrrtry
00008444   LNK_wrloop
00008520   LNK_newin
00008660   LNK_newout
000087c4   LNK_F_readCallBack
00008c34   __GBL_setL2CacheMode
00008de0   SWI_F_enable
00008de0   __SWI_lat3beg
00008e4c   __SWI_lat3end
00008e50   SWI_F_post
00008e50   _SWI_post
00008f8c   __SWI_lat1beg
00008ffc   SWI_EXECFXN
00008ffc   SWI_F_exec
00009028   SWI_F_iexec
00009040   __SWI_lat1end
00009044   __SWI_lat2beg
000090b4   __SWI_lat2end
000090b8   SWI_F_run
000090b8   SWI_RUNFXN
00009320   CLK_HOOKFXN
00009320   HWI_F_dispatch
00009320   _HWI_F_dispatch
00009320   __HWI_lat1beg
000094a0   __HWI_lat1end
000094a0   __HWI_lat2beg
000095cc   __HWI_lat2end2
000095fc   __HWI_lat3end2
00009640   __HWI_lat2end1
00009660   __HWI_lat3beg
00009760   __HWI_lat3end1
00009780   PRD_F_swi
00009a40   PRD_F_tick
00009b20   _KNL_run
00009de0   RTA_F_getlog
00009e24   RTA_F_getsts
00009e6c   RTA_F_readblk
00009e8c   RTA_F_writeword
00009e98   RTA_F_resetmem
00009e98   __RTA_lat1beg
00009ed0   __RTA_lat1end
00009ed8   RTA_F_dispatch
00009f28   RTA_execute
0000a0a0   _SEM_pendEnterKnl
0000a5a0   PRD_THOOKFXN
0000a5a0   _KNL_tick
0000a5c0   PIP_F_take
0000a654   PIP_F_give
0000a654   PIP_F_probe
0000a728   PIP_F_start
0000a800   __SEM_dopost
0000aa20   _TSK_setup
0000ac20   _KNL_saveIsrFrame
0000acec   _KNL_switch
0000ada0   KNL_glue
0000ade0   CLK_F_getltime
0000adf4   CLK_F_isr
0000af54   CLK_F_itime
0000af54   _CLK_F_itime
0000af54   _CLK_itime
0000af70   __CLK_lat1beg
0000af9c   __CLK_lat1end
0000afa0   _TSK_exit
0000b140   __auto_init
0000b380   _TSK_startup
0000b440   _KNL_check
0000b490   __KNL_lat1beg
0000b518   _KNL_idle
0000b518   __KNL_lat1end
0000b53c   _KNL_max
0000b580   _GBL_cslCacheInit
0000b660   _KNL_exit
0000b6b4   _KNL_enter
0000b740   _SEM_postEnterKnl
0000b820   _SEM_post
0000b820   _SEM_postBinary
0000b900   _CLK_measure
0000b9e0   _KNL_ipost
0000baa0   _KNL_post
0000bb60   _LCK_post
0000bb90   _LCK_pend
0000bc20   _SYS_exit
0000bce0   CLK_F_getfhtime
0000bd00   CLK_F_gethtime
0000bd00   CLK_F_getshtime
0000bd00   CLK_TIMEFXN
0000bda0   FXN_F_nop
0000bda8   FXN_F_run
0000bda8   _FXN_F_run
0000bdf8   FXN_F_zero
0000bdf8   _FXN_F_zero
0000be20   IDL_F_busy
0000be20   __IDL_lat1beg
0000be70   __IDL_lat1end
0000bea0   LOG_F_event
0000bea0   _LOG_event
0000bea0   __LOG_lat1beg
0000bf20   STS_F_delta
0000bf20   _STS_delta
0000bf58   STS_F_add
0000bf58   _STS_add
0000bf84   STS_F_reset
0000bf84   _STS_reset
0000bfa0   IDL_F_calibrate
0000c020   _HWI_disable
0000c038   _HWI_enable
0000c04c   _HWI_restore
0000c080   _SEM_pend
0000c0e0   _SYS_abort
0000c140   SYS_PUTCFXN
0000c140   _UTL_doPutc
0000c1a0   _CLK_start
0000c200   IDL_CALIBRFXN
0000c200   IDL_F_stub
0000c240   RTA_F_andn
0000c260   RTA_F_or
0000c280   SYS_ABORTFXN
0000c280   _UTL_doAbort
0000c2c0   _CLK_stop
0000c300   GIO_CREATEFXN
0000c300   GIO_DELETEFXN
0000c300   GIO_PENDFXN
0000c300   GIO_POSTFXN
0000c300   TSK_VCREATEFXN
0000c300   TSK_VDELETEFXN
0000c300   TSK_VEXITFXN
0000c300   _FXN_F_nop
0000c320   _GBL_getVersion
0000c340   IDL_F_loop
0000c340   _IDL_loop
0000c360   _STS_set
0000c380   SYS_ERRORFXN
0000c380   _UTL_doError
0000c3a0   SYS_EXITFXN
0000c3a0   _UTL_halt
0000c3c0   .text
0000c3c0   _DSK6713_wait
0000c3c0   ___text__
0000c464   _DSK6713_waitusec
0000c498   _DSK6713_rset
0000c4ac   _DSK6713_rget
0000c540   _DSK6713_getVersion
0000c590   _DSK6713_init
0000c840   _DSK6713_AIC23_openCodec
0000cb20   _init_hardware
0000cbc8   _init_HWI
0000cc54   _main
0000cce4   _ISR_AIC
0000cda0   _memcpy
0000cfe0   _IRQ_map
0000d1a0   _MCBSP_reset
0000d340   _wait500nS
0000d368   GBL_USERINITFXN
0000d368   _GBL_setPLLto225MHz
0000d4c0   _DSK6713_AIC23_rset
0000d588   _DSK6713_AIC23_rget
0000d5ac   _DSK6713_AIC23_config
0000d640   __strasgi
0000d780   _call_dtors
0000d8a0   _MCBSP_open
0000d9a0   _MCBSP_start
0000daa0   _atexit
0000dba0   _stereo_write_16Bit
0000dbba   CLK_COUNTSPMS
0000dbba   CLK_HTIMEPERLTIME
0000dbba   CLK_PRD
0000dbba   _CLK_COUNTSPMS
0000dbba   _CLK_PRD
0000dbc8   _stereo_read_16Bit
0000dbef   GBL_TRCMASKVALUE
0000dbf4   _mono_write_16Bit
0000dc1c   _mono_read_16Bit
0000dde0   ___add_dtor
0000de20   __nop
0000de40   __register_lock
0000de60   __register_unlock
0000de80   __IRQ_hookFetchPacket
0000dea0   ___cinit__
0000dea0   ___etext__
0000dea0   cinit
0000dea0   etext
0000eea0   _RTDX_Poll
0000f2a0   _RTDX_Buffer_WriteCB
0000f8e0   _RTDX_Mon_Queue
0000fb00   _RTDX_Init_RT_Monitor
0000fb80   _RTDX_Buffer_Initialize
0000fbe0   _RTDX_Buffer_ReadCB
0000fc40   _RTDX_Buffer_Size
0000fc80   _RTDX_Final_RT_Monitor
0000fcc0   _RTDX_Buffer_Read
0000fce0   _RTDX_Buffer_Write
0000fd20   _RTDX_Mask_IER
0000fd40   ___atexit_func_id__
0000fef0   __IRQ_eventTable
0000ff74   __IRQ_intTable
0000ffb4   __IRQ_dispatchTable
0000ffbc   _KNL_queues
0001005c   _KNL_dummy
00010094   _TSK_ATTRS
000100b0   _TSK_config
000100d0   _TSK_timerSem
000100f0   _Config
00010118   _a
00010128   _b
00010138   _inputBuffer
00010148   _OBJ_table
00010180   _OBJ_segtab
0001019c   __TSK_mutex
000101c4   __MEM_mutex
0001021c   __MCBSP_hDev0
00010220   __MCBSP_hDev1
0001024c   _SYS_exitStack
00010288   __cleanup_ptr
0001028c   __dtors_ptr
00010290   ___TI_enable_exit_profile_output
00010294   __lock
00010298   __unlock
0001029c   _dtors
000102a0   BIOS_init
000102a0   _BIOS_init
0001041c   BIOS$$CLKON
0001045c   BIOS$$CLKOFF
000104c4   BIOS_start
000104c4   _BIOS_start
00010580   _MEM_init
00010660   _c_int00
00010720   _TSK_init
000107a0   _OBJ_init
000107c0   _RTDX_Buffer
00010bc8   _RTDX_Buffer_Start
00010bcc   _RTDX_Buffer_End
00010bd0   _rtdx_buffer_state
00010bdc   _RTDX_writing
00010bf0   _rtdx_mon_state
00010c10   TSK_idle$stack
00010fa8   TSK_idle$stkptr
00011010   GBL_stackbeg
00011010   _HWI_STKTOP
00011010   __stack
00011408   _HWI_STKBOTTOM
0001140f   GBL_stackend
00011410   $bss
00011410   .bss
00011410   _HWI_dispatchTab
00011410   ___bss__
00011510   IDL_D_tabbeg
00011514   IDL_D_calibrate
00011518   IDL_D_calbeg
0001151c   LOG_D_system
0001151c   _LOG_D_system
00011520   PIP_D_tabbeg
00011524   PIP_D_tablen
00011528   CLK_R_time
0001152c   CLK_D_timefxn
00011530   CLK_D_tabbeg
00011534   CLK_D_isrhook
00011538   CLK_D_idletime
0001153c   _CLK_htimeDiv
00011540   _CLK_htimeMult
00011544   _CLK_ltimeDiv
00011548   _CLK_ltimeMult
0001154c   _CLK_D_dirty
00011550   _CLK_D_prd
00011554   _CLK_D_tddr
00011558   _CLK_D_countspms
0001155c   PRD_D_tick
0001155c   _PRD_D_tick
00011560   PRD_D_cur
00011564   PRD_D_elapsed
00011568   PRD_D_prevtim
0001156c   PRD_D_scalar
00011570   PRD_D_swihandle
00011574   PRD_D_tabbeg
00011578   PRD_D_tablen
0001157c   PRD_D_thook
00011580   RTA_D_fromHost
00011584   RTA_D_toHost
00011588   RTA_D_logval
00011598   RTA_D_stsval
000115a4   HST_D_chanmask
000115a8   HST_D_tabbeg
000115ac   HST_D_tabend
000115b0   _GBL_procId
000115b4   _GBL_clkIn
000115b8   _GBL_freq
000115bc   _MEM_D_NUMSEGMENTS
000115c0   _MEM_D_memtab
000115c4   _MEM_D_freelist
000115c8   _MEM_D_lockaddr
000115cc   _MEM_D_unlockaddr
000115d0   _SYS
000115d4   __HOOK_knlId
000115d8   __HOOK_NUMHOOKS
000115dc   SWI_D_runaddr
000115dc   _SWI_D_runaddr
000115dc   _SWI_data
000115e0   SWI_D_execaddr
000115e0   _SWI_D_execaddr
000115e4   SWI_D_curmask
000115e4   _SWI_D_curmask
000115e8   SWI_D_curset
000115e8   _SWI_D_curset
000115ec   SWI_D_lock
000115ec   _SWI_D_lock
000115f0   SWI_D_curmbox
000115f4   SWI_D_curfxn
000115f4   _SWI_D_curfxn
000115f8   SWI_D_rdybeg
000115f8   _SWI_D_rdybeg
000115fc   SWI_D_inswi
000115fc   _SWI_D_inswi
00011600   SWI_D_rdytab
00011678   _KNL_wFlag
0001167c   _KNL_wList
00011680   _KNL_alarm
00011684   _KNL_setpri
00011688   _KNL_inactive
0001168c   _KNL_priority
00011690   _KNL_set
00011694   _KNL_curtask
00011698   _KNL_prevtask
0001169c   _KNL_curtime
000116a0   _KNL_swiptr
000116a4   _KNL_curqueue
000116a8   _KNL_maxqueue
000116ac   _KNL_tswitchfxn
000116b0   _KNL_tcreatefxn
000116b4   _KNL_tdeletefxn
000116b8   _KNL_treadyfxn
000116bc   _KNL_idlefxn
000116c0   _MEM_memtab
000116cc   HST_DSMBUFSEG
000116cc   IRAM
000116cc   MEM_MALLOCSEG
000116cc   MEM_SEGZERO
000116cc   RTDX_DATAMEMSEG
000116cc   _IRAM
000116d0   RTA_fromHost$pipe$dtab
000116dc   RTA_toHost$pipe$dtab
000116e8   HWI_D_spsave
000116e8   _HWI_D_spsave
000116e8   _HWI_data
000116f4   _HWI_D_inhwi
000116f8   HWI_D_bss
000116fc   HWI_D_ccmask
00011700   LNK_dspFrameRequestMask
00011700   _LNK_dspFrameRequestMask
00011704   LNK_dspFrameReadyMask
00011704   _LNK_dspFrameReadyMask
00011708   LNK_readPend
00011708   _LNK_readPend
0001170c   LNK_readDone
0001170c   _LNK_readDone
00011710   LNK_readFail
00011710   _LNK_readFail
00011714   LNK_writeFail
00011714   _LNK_writeFail
00011720   _rtdxNullChanCnt
00011724   _rtdxNullFuncCnt
00011728   _H_Codec
00011730   _outputBuffer
00011738   _TSK_nTasks
0001173c   _TSK_pid
00011740   _TSK
00011744   _CLK_DFLTMICROSECS
00011748   _CLK_D_microseconds
0001174c   _SYS_exitStackPtr
00011750   _SYS_exitStackTop
00011754   _DSK6713_AIC23_codeccontrolhandle
00011758   _DSK6713_AIC23_codecdatahandle
0001175c   _CLK_htimePerLtime
00011764   IDL_D_busyObj
00011768   _MEM
0001176c   _DSK6713_version
0001176e   ___end__
0001176e   end
00011770   _SYS_PUTCBEG
0001196f   _SYS_PUTCEND
0001197c   TSK_idle
0001197c   _TSK_idle
000119d0   KNL_swi$sts$stsobj
000119d0   STS_A_TABBEG
000119d0   _STS_A_TABBEG
000119d4   KNL_swi$sts
000119e0   TSK_idle$sts$stsobj
000119e4   TSK_idle$sts
000119f0   IDL_busyObj$stsobj
000119f4   IDL_busyObj
000119f4   _IDL_busyObj
00011a00   LOG_system$buf
00011a00   STS_A_TABEND
00011a00   _STS_A_TABEND
00011b00   RTA_toHost$buf
00011cf9   KNL_swi$sts$maxfmt
00011cfc   PIP_A_TABBEG
00011cfc   RTA_fromHost$pipe
00011cfc   _PIP_A_TABBEG
00011d00   RTA_fromHost$pipe$rd
00011d01   KNL_swi$sts$sumfmt
00011d09   KNL_swi$sts$avgfmt
00011d13   TSK_idle$sts$maxfmt
00011d1b   TSK_idle$sts$sumfmt
00011d23   TSK_idle$sts$avgfmt
00011d2c   RTA_fromHost$pipe$aaa
00011d2d   IDL_busyObj$maxfmt
00011d30   IDL_busyObj$sumfmt
00011d30   RTA_fromHost$pipe$wr
00011d33   IDL_busyObj$avgfmt
00011d5c   RTA_fromHost$pipe$bbb
00011d60   RTA_toHost$pipe
00011d64   RTA_toHost$pipe$rd
00011d90   RTA_toHost$pipe$aaa
00011d94   RTA_toHost$pipe$wr
00011dc0   RTA_toHost$pipe$bbb
00011dc4   PIP_A_TABEND
00011dc4   _PIP_A_TABEND
00011e04   HST_A_TABBEG
00011e04   _HST_A_TABBEG
00011e08   RTA_fromHost
00011e08   _RTA_fromHost
00011e10   RTA_fromHost$rtdx
00011e24   RTA_toHost
00011e24   _RTA_toHost
00011e2c   RTA_toHost$rtdx
00011e40   HST_A_TABEND
00011e40   KNL_swi
00011e40   SWI_A_TABBEG
00011e40   _HST_A_TABEND
00011e40   _KNL_swi
00011e6c   SWI_A_TABEND
00011e94   LOG_A_TABBEG
00011e94   LOG_system
00011e94   _LOG_A_TABBEG
00011e94   _LOG_system
00011eac   LOG_A_TABEND
00011eac   RTA_fromHost$buf
00011eac   _LOG_A_TABEND
00011ebc   IDL_A_TABBEG
00011ebc   IDL_cpuLoad
00011ebc   _IDL_cpuLoad
00011ec0   LNK_dataPump
00011ec0   _LNK_dataPump
00011ec4   RTA_dispatcher
00011ec4   _RTA_dispatcher
00011ec8   IDL_END
00011ecc   IDL_A_CALBEG
00011ecc   IDL_cpuLoad$
00011ed0   LNK_dataPump$
00011ed4   RTA_dispatcher$
00011ed8   IDL_END$
00011edc   SYS$config
00011eec   ___pinit__
00011eec   pinit
00011ef8   TRC_cinit
00011efc   TRC_R_mask
00011efc   _TRC_R_mask
00011f00   GBL_initdone
00011f04   CLK_A_TABBEG
00011f04   PRD_clock
00011f04   _PRD_clock
00011f08   CLK_null
00036ee8   CLK_LTIMEMULT
00036ee8   GBL_FREQ
01940000   CLK_REGS
01940000   _CLK_REGS
082039a3   HWI_INTRMULTHIGH
310718af   HWI_INTRMULTLOW
ffffffff   SDRAM
ffffffff   _SDRAM
ffffffff   ___TI_pprof_out_hndl
ffffffff   ___TI_prof_data_size
ffffffff   ___TI_prof_data_start
ffffffff   ___binit__
ffffffff   ___c_args__
ffffffff   binit

[718 symbols]
